cmd_handler.c:225:6:BUZZ_stop	8	static
cmd_handler.c:121:6:set_lora_normal_mode	8	static
cmd_handler.c:102:6:SEND_UNIC_CMD	16	static
cmd_handler.c:126:6:get_lora_parameters	8	static
cmd_handler.c:132:6:PC_CONNECT	16	static
cmd_handler.c:142:6:REQUEST_DATA	56	static
cmd_handler.c:190:6:RETRANSLATE_CMD_PACKET	32	static
cmd_handler.c:209:6:ADC_REQUEST	16	static
cmd_handler.c:213:6:TMP1075_CONFIG_REGISTER_Handler	16	static
cmd_handler.c:228:6:BUZZ_REGISTER1_Handler	0	static
cmd_handler.c:232:6:BUZZ_REGISTER2_Handler	0	static
cmd_handler.c:235:6:BUZZ_REGISTER3_Handler	24	static
cmd_handler.c:242:6:LORA_REGISTER1_Handler	56	static
cmd_handler.c:308:6:LORA_REGISTER2_Handler	16	static
cmd_handler.c:11:6:CMD_Handler	16	static
