ST7735.c:12:6:Send_CMD	8	static
ST7735.c:19:6:Send_DAT8	8	static
ST7735.c:26:6:Send_DAT16	8	static
ST7735.c:32:6:SetArea	24	static
ST7735.c:45:6:DrawEmptyRectangle	64	static
ST7735.c:64:6:Draw_V_Line	40	static
ST7735.c:71:6:Draw_H_Line	40	static
ST7735.c:77:6:Draw_V_DottedLine	56	static
ST7735.c:89:6:Draw_H_DottedLine	56	static
ST7735.c:100:6:DrawPixel	24	static
ST7735.c:104:6:FullFill	24	static
ST7735.c:110:6:FillArea	40	static
ST7735.c:120:6:DrawBMP	32	static
ST7735.c:128:6:DrawChar5x7	56	static
ST7735.c:149:6:DrawChar7x11	56	static
ST7735.c:169:10:Decoder	0	static
ST7735.c:178:10:NumbersArray	12	static
ST7735.c:193:6:DrawString7x11	48	static
ST7735.c:200:6:DrawString5x7	48	static
ST7735.c:207:6:cs_low	8	static
ST7735.c:210:6:cs_high	8	static
ST7735.c:213:6:Init_ST7735	24	static
ST7735.c:245:9:frac_to_int	8	static
ST7735.c:248:7:string_form	4	static
