tmp1075.c:17:13:TMP1075_read_id	16	static
tmp1075.c:29:13:TMP1075_read_raw_temperature	16	static
tmp1075.c:40:13:TMP1075_read_float_temperature	32	static
tmp1075.c:77:7:TMP1075_raw_to_float	8	static
tmp1075.c:96:8:TMP1075_raw_to_int	8	static
tmp1075.c:59:13:TMP1075_read_int8_temperature	32	static
tmp1075.c:110:10:TMP1075_float_to_binary	8	static
tmp1075.c:127:13:TMP1075_read_config	16	static
tmp1075.c:138:13:TMP1075_write_config	16	static
tmp1075.c:154:13:TMP1075_set_mode	32	static
tmp1075.c:190:13:TMP1075_set_time_conversion	32	static
tmp1075.c:220:13:TMP1075_one_shot_conversion_start	32	static
tmp1075.c:272:13:TMP1075_set_mode_ALERT_pin	32	static
tmp1075.c:306:13:TMP1075_ALERT_active_level	32	static
tmp1075.c:341:13:TMP1075_ALERT_sensitivity	32	static
tmp1075.c:429:13:TMP1075_get_low_limit	16	static
tmp1075.c:372:13:TMP1075_set_low_limit	32	static
tmp1075.c:440:13:TMP1075_get_high_limit	16	static
tmp1075.c:401:13:TMP1075_set_high_limit	32	static
tmp1075.c:250:13:TMP1075_disable_ALERT_pin	16	static
